// Jest Snapshot v1, https://goo.gl/fbAQLP

exports[`Button snapshot 1`] = `
<div>
  <button
    class="button"
  >
    Hello!
  </button>
</div>
`;
